// Jest Snapshot v1, https://goo.gl/fbAQLP

exports[`Settings Header Header renders correctly 1`] = `
<View
  style={
    Array [
      Object {
        "flexDirection": "row",
        "justifyContent": "space-between",
        "marginTop": 50,
        "paddingHorizontal": 17,
        "width": "100%",
      },
    ]
  }
  testID="header-editor"
>
  <View
    accessible={true}
    collapsable={false}
    focusable={false}
    nativeID="animatedComponent"
    onClick={[Function]}
    onResponderGrant={[Function]}
    onResponderMove={[Function]}
    onResponderRelease={[Function]}
    onResponderTerminate={[Function]}
    onResponderTerminationRequest={[Function]}
    onStartShouldSetResponder={[Function]}
    style={
      Object {
        "opacity": 1,
      }
    }
  >
    <Icon
      color="#242A37"
      name="arrow-back"
      size={25}
      testID="icon"
    />
  </View>
  <View
    style={
      Array [
        Object {
          "flexDirection": "row",
        },
      ]
    }
  />
</View>
`;
