// Jest Snapshot v1, https://goo.gl/fbAQLP

exports[`Favorites Favorites renders correctly 1`] = `
<View
  style={
    Array [
      Object {
        "alignItems": "center",
        "backgroundColor": "#F5F5F5",
        "flexBasis": 0,
        "flexGrow": 1,
        "flexShrink": 1,
        "justifyContent": "center",
      },
    ]
  }
>
  <View
    style={
      Array [
        Object {
          "flexDirection": "row",
          "height": 45,
          "justifyContent": "space-between",
          "marginTop": 50,
          "paddingHorizontal": 17,
          "width": "100%",
        },
      ]
    }
    testID="header"
  >
    <Text
      style={
        Array [
          Object {
            "color": "#242A37",
            "fontSize": 30,
            "fontWeight": "800",
          },
        ]
      }
      testID="title"
    >
      Favorites
    </Text>
    <View
      accessible={true}
      collapsable={false}
      focusable={true}
      nativeID="animatedComponent"
      onClick={[Function]}
      onResponderGrant={[Function]}
      onResponderMove={[Function]}
      onResponderRelease={[Function]}
      onResponderTerminate={[Function]}
      onResponderTerminationRequest={[Function]}
      onStartShouldSetResponder={[Function]}
      style={
        Object {
          "opacity": 1,
        }
      }
      testID="open-settings"
    >
      <Icon
        color="#242A37"
        name="settings"
        size={25}
        testID="icon"
      />
    </View>
  </View>
  <RCTScrollView
    ListEmptyComponent={[Function]}
    data={Array []}
    getItem={[Function]}
    getItemCount={[Function]}
    keyExtractor={[Function]}
    onContentSizeChange={[Function]}
    onLayout={[Function]}
    onMomentumScrollBegin={[Function]}
    onMomentumScrollEnd={[Function]}
    onScroll={[Function]}
    onScrollBeginDrag={[Function]}
    onScrollEndDrag={[Function]}
    removeClippedSubviews={false}
    renderItem={[Function]}
    scrollEnabled={false}
    scrollEventThrottle={50}
    stickyHeaderIndices={Array []}
    style={
      Array [
        Object {
          "backgroundColor": "#F5F5F5",
          "flexBasis": 0,
          "flexGrow": 1,
          "flexShrink": 1,
          "width": "100%",
        },
      ]
    }
    viewabilityConfigCallbackPairs={Array []}
  >
    <View>
      <View
        style={
          Array [
            Object {
              "alignItems": "center",
              "backgroundColor": "#F5F5F5",
              "height": 1134,
              "justifyContent": "center",
            },
          ]
        }
      >
        <SvgMock
          height={200}
          width={200}
        />
      </View>
    </View>
  </RCTScrollView>
</View>
`;
